******************************************************************************
                     PRU Linker Unix v2.1.5                    
******************************************************************************
>> Linked Mon Jan 14 13:38:52 2019

OUTPUT FILE NAME:   <output/am335x-pru0-fw>
ENTRY POINT SYMBOL: "_c_int00_noinit_noargs_noexit"  address: 00000000


MEMORY CONFIGURATION

         name            origin    length      used     unused   attr    fill
----------------------  --------  ---------  --------  --------  ----  --------
PAGE 0:
  PRU_IMEM              00000000   00002000  00000014  00001fec  RWIX

PAGE 1:
  PRU_DMEM_0_1          00000000   00002000  00000306  00001cfa  RWIX
  PRU_DMEM_1_0          00002000   00002000  00000000  00002000  RWIX

PAGE 2:
  PRU_SHAREDMEM         00010000   00003000  00000000  00003000  RWIX
  PRU_INTC              00020000   00001504  00001504  00000000  RWIX
  PRU_CFG               00026000   00000044  00000044  00000000  RWIX
  PRU_UART              00028000   00000038  00000000  00000038  RWIX
  PRU_IEP               0002e000   0000031c  00000000  0000031c  RWIX
  PRU_ECAP              00030000   00000060  00000000  00000060  RWIX
  RSVD27                00032000   00000100  00000000  00000100  RWIX
  RSVD21                00032400   00000100  00000000  00000100  RWIX
  L3OCMC                40000000   00010000  00000000  00010000  RWIX
  MCASP0_DMA            46000000   00000100  00000000  00000100  RWIX
  UART1                 48022000   00000088  00000000  00000088  RWIX
  UART2                 48024000   00000088  00000000  00000088  RWIX
  I2C1                  4802a000   000000d8  00000000  000000d8  RWIX
  MCSPI0                48030000   000001a4  00000000  000001a4  RWIX
  DMTIMER2              48040000   0000005c  00000000  0000005c  RWIX
  MMCHS0                48060000   00000300  00000000  00000300  RWIX
  MBX0                  480c8000   00000140  00000000  00000140  RWIX
  SPINLOCK              480ca000   00000880  00000000  00000880  RWIX
  I2C2                  4819c000   000000d8  00000000  000000d8  RWIX
  MCSPI1                481a0000   000001a4  00000000  000001a4  RWIX
  DCAN0                 481cc000   000001e8  00000000  000001e8  RWIX
  DCAN1                 481d0000   000001e8  00000000  000001e8  RWIX
  PWMSS0                48300000   000002c4  00000000  000002c4  RWIX
  PWMSS1                48302000   000002c4  00000000  000002c4  RWIX
  PWMSS2                48304000   000002c4  00000000  000002c4  RWIX
  RSVD13                48310000   00000100  00000000  00000100  RWIX
  RSVD10                48318000   00000100  00000000  00000100  RWIX
  TPCC                  49000000   00001098  00000000  00001098  RWIX
  GEMAC                 4a100000   0000128c  00000000  0000128c  RWIX
  DDR                   80000000   00010000  00000000  00010000  RWIX


SECTION ALLOCATION MAP

 output                                  attributes/
section   page    origin      length       input sections
--------  ----  ----------  ----------   ----------------
.text:_c_int00* 
*          0    00000000    00000014     
                  00000000    00000014     rtspruv3_le.lib : boot_special.obj (.text:_c_int00_noinit_noargs_noexit)

.text      0    00000000    00004768     FAILED TO ALLOCATE
.stack     1    00000104    00000100     UNINITIALIZED
                  00000104    00000004     rtspruv3_le.lib : boot.obj (.stack)
                  00000108    000000fc     --HOLE--

.rofardata 
*          1    00000000    00000101     
                  00000000    00000101     rtspruv3_le.lib : ctype.obj (.rofardata:.string:_ctypes_)

.data      1    00000280    00000048     
                  00000280    00000044     pru0.object (.data)
                  000002c4    00000004     pru0.object (.data:pru_intc_map)

.cinit     1    00000000    00000000     UNINITIALIZED

.resource_table 
*          1    00000204    0000007c     
                  00000204    0000007c     pru0.object (.resource_table:retain)

.rodata    1    000002c8    0000003d     
                  000002c8    00000024     rtspruv3_le.lib : _printfi.obj (.rodata:.string)
                  000002ec    00000019     pru0.object (.rodata:.string)

.fardata   1    00000305    00000004     
                  00000305    00000004     rtspruv3_le.lib : errno.obj (.fardata)

.creg.PRU_INTC.noload.near 
*          2    00020000    00000000     NOLOAD SECTION

.creg.PRU_INTC.near 
*          2    00020000    00000000     UNINITIALIZED

.creg.PRU_INTC.noload.far 
*          2    00020000    00001504     NOLOAD SECTION
                  00020000    00001504     pru0.object (.creg.PRU_INTC.noload.far)

.creg.PRU_INTC.far 
*          2    00021504    00000000     UNINITIALIZED

.creg.PRU_CFG.noload.near 
*          2    00026000    00000044     NOLOAD SECTION
                  00026000    00000044     pru0.object (.creg.PRU_CFG.noload.near)

.creg.PRU_CFG.near 
*          2    00026044    00000000     UNINITIALIZED

.creg.PRU_CFG.noload.far 
*          2    00026044    00000000     NOLOAD SECTION

.creg.PRU_CFG.far 
*          2    00026044    00000000     UNINITIALIZED


SEGMENT ATTRIBUTES

    id tag      seg value
    -- ---      --- -----
     0 PHA_PAGE 2   1    
     1 PHA_PAGE 3   1    
     2 PHA_PAGE 4   1    
     3 PHA_PAGE 5   1    
     4 PHA_PAGE 6   1    


GLOBAL SYMBOLS: SORTED ALPHABETICALLY BY Name 

page  address   name                         
----  -------   ----                         
0     00004760  C$$EXIT                      
2     00026000  CT_CFG                       
2     00020000  CT_INTC                      
abs   481cc000  __PRU_CREG_BASE_DCAN0        
abs   481d0000  __PRU_CREG_BASE_DCAN1        
abs   80000000  __PRU_CREG_BASE_DDR          
abs   48040000  __PRU_CREG_BASE_DMTIMER2     
abs   4a100000  __PRU_CREG_BASE_GEMAC        
abs   4802a000  __PRU_CREG_BASE_I2C1         
abs   4819c000  __PRU_CREG_BASE_I2C2         
abs   40000000  __PRU_CREG_BASE_L3OCMC       
abs   480c8000  __PRU_CREG_BASE_MBX0         
abs   46000000  __PRU_CREG_BASE_MCASP0_DMA   
abs   48030000  __PRU_CREG_BASE_MCSPI0       
abs   481a0000  __PRU_CREG_BASE_MCSPI1       
abs   48060000  __PRU_CREG_BASE_MMCHS0       
abs   00026000  __PRU_CREG_BASE_PRU_CFG      
abs   00000000  __PRU_CREG_BASE_PRU_DMEM_0_1 
abs   00002000  __PRU_CREG_BASE_PRU_DMEM_1_0 
abs   00030000  __PRU_CREG_BASE_PRU_ECAP     
abs   0002e000  __PRU_CREG_BASE_PRU_IEP      
abs   00020000  __PRU_CREG_BASE_PRU_INTC     
abs   00010000  __PRU_CREG_BASE_PRU_SHAREDMEM
abs   00028000  __PRU_CREG_BASE_PRU_UART     
abs   48300000  __PRU_CREG_BASE_PWMSS0       
abs   48302000  __PRU_CREG_BASE_PWMSS1       
abs   48304000  __PRU_CREG_BASE_PWMSS2       
abs   48318000  __PRU_CREG_BASE_RSVD10       
abs   48310000  __PRU_CREG_BASE_RSVD13       
abs   00032400  __PRU_CREG_BASE_RSVD21       
abs   00032000  __PRU_CREG_BASE_RSVD27       
abs   480ca000  __PRU_CREG_BASE_SPINLOCK     
abs   49000000  __PRU_CREG_BASE_TPCC         
abs   48022000  __PRU_CREG_BASE_UART1        
abs   48024000  __PRU_CREG_BASE_UART2        
abs   0000000e  __PRU_CREG_DCAN0             
abs   0000000f  __PRU_CREG_DCAN1             
abs   0000001f  __PRU_CREG_DDR               
abs   00000001  __PRU_CREG_DMTIMER2          
abs   00000009  __PRU_CREG_GEMAC             
abs   00000002  __PRU_CREG_I2C1              
abs   00000011  __PRU_CREG_I2C2              
abs   0000001e  __PRU_CREG_L3OCMC            
abs   00000016  __PRU_CREG_MBX0              
abs   00000008  __PRU_CREG_MCASP0_DMA        
abs   00000006  __PRU_CREG_MCSPI0            
abs   00000010  __PRU_CREG_MCSPI1            
abs   00000005  __PRU_CREG_MMCHS0            
abs   00000004  __PRU_CREG_PRU_CFG           
abs   00000018  __PRU_CREG_PRU_DMEM_0_1      
abs   00000019  __PRU_CREG_PRU_DMEM_1_0      
abs   00000003  __PRU_CREG_PRU_ECAP          
abs   0000001a  __PRU_CREG_PRU_IEP           
abs   00000000  __PRU_CREG_PRU_INTC          
abs   0000001c  __PRU_CREG_PRU_SHAREDMEM     
abs   00000007  __PRU_CREG_PRU_UART          
abs   00000012  __PRU_CREG_PWMSS0            
abs   00000013  __PRU_CREG_PWMSS1            
abs   00000014  __PRU_CREG_PWMSS2            
abs   0000000a  __PRU_CREG_RSVD10            
abs   0000000d  __PRU_CREG_RSVD13            
abs   00000015  __PRU_CREG_RSVD21            
abs   0000001b  __PRU_CREG_RSVD27            
abs   00000017  __PRU_CREG_SPINLOCK          
abs   0000001d  __PRU_CREG_TPCC              
abs   0000000b  __PRU_CREG_UART1             
abs   0000000c  __PRU_CREG_UART2             
1     00000204  __TI_STACK_END               
abs   00000100  __TI_STACK_SIZE              
0     00000f30  __TI_frcaddd                 
0     00000000  __TI_frcdivd                 
0     00000710  __TI_frcmpyd                 
0     00000a24  __TI_printfi                 
0     00003d40  __TI_renormd                 
abs   ffffffff  __binit__                    
abs   ffffffff  __c_args__                   
0     000013dc  __pruabi_addd                
0     0000465c  __pruabi_asri                
0     00001e74  __pruabi_divd                
0     00003dcc  __pruabi_divi                
0     00003150  __pruabi_divu                
0     00002218  __pruabi_divull              
0     00003c20  __pruabi_eqd                 
0     00003e58  __pruabi_fixdi               
0     00003ee4  __pruabi_fltid               
0     000038f4  __pruabi_ged                 
0     00003840  __pruabi_gtd                 
0     000041a4  __pruabi_isinf               
0     00003788  __pruabi_led                 
0     0000420c  __pruabi_lslll               
0     00004534  __pruabi_lsrll               
0     000039a4  __pruabi_ltd                 
0     00001188  __pruabi_mpyd                
0     000046dc  __pruabi_mpyi                
0     00003000  __pruabi_mpyll               
0     00004720  __pruabi_negd                
0     00003b8c  __pruabi_neqd                
0     0000426c  __pruabi_remi                
0     00003600  __pruabi_remu                
0     00004688  __pruabi_subd                
0     00000000  _c_int00_noinit_noargs_noexit
1     00000000  _ctypes_                     
1     00000104  _stack                       
0     00004758  abort                        
0     00003f68  atoi                         
abs   ffffffff  binit                        
1     00000305  errno                        
0     00002eac  frexp                        
1     00000284  last_p8_15                   
1     00000285  last_p8_21                   
0     000023c8  ldexp                        
0     00003a54  ltoa                         
0     00002714  main                         
0     000044a4  memccpy                      
0     00004628  memcpy                       
1     000002c4  pru_intc_map                 
0     000043ec  pru_rpmsg_channel            
0     000042cc  pru_rpmsg_init               
0     000036c4  pru_rpmsg_receive            
0     00003528  pru_rpmsg_send               
0     00004448  pru_virtqueue_add_used_buf   
0     0000432c  pru_virtqueue_get_avail_buf  
0     0000438c  pru_virtqueue_init           
0     000046b4  pru_virtqueue_kick           
1     00000204  resource_table               
0     00004578  sprintf                      
1     00000280  status                       


GLOBAL SYMBOLS: SORTED BY Symbol Address 

page  address   name                         
----  -------   ----                         
0     00000000  __TI_frcdivd                 
0     00000000  _c_int00_noinit_noargs_noexit
0     00000710  __TI_frcmpyd                 
0     00000a24  __TI_printfi                 
0     00000f30  __TI_frcaddd                 
0     00001188  __pruabi_mpyd                
0     000013dc  __pruabi_addd                
0     00001e74  __pruabi_divd                
0     00002218  __pruabi_divull              
0     000023c8  ldexp                        
0     00002714  main                         
0     00002eac  frexp                        
0     00003000  __pruabi_mpyll               
0     00003150  __pruabi_divu                
0     00003528  pru_rpmsg_send               
0     00003600  __pruabi_remu                
0     000036c4  pru_rpmsg_receive            
0     00003788  __pruabi_led                 
0     00003840  __pruabi_gtd                 
0     000038f4  __pruabi_ged                 
0     000039a4  __pruabi_ltd                 
0     00003a54  ltoa                         
0     00003b8c  __pruabi_neqd                
0     00003c20  __pruabi_eqd                 
0     00003d40  __TI_renormd                 
0     00003dcc  __pruabi_divi                
0     00003e58  __pruabi_fixdi               
0     00003ee4  __pruabi_fltid               
0     00003f68  atoi                         
0     000041a4  __pruabi_isinf               
0     0000420c  __pruabi_lslll               
0     0000426c  __pruabi_remi                
0     000042cc  pru_rpmsg_init               
0     0000432c  pru_virtqueue_get_avail_buf  
0     0000438c  pru_virtqueue_init           
0     000043ec  pru_rpmsg_channel            
0     00004448  pru_virtqueue_add_used_buf   
0     000044a4  memccpy                      
0     00004534  __pruabi_lsrll               
0     00004578  sprintf                      
0     00004628  memcpy                       
0     0000465c  __pruabi_asri                
0     00004688  __pruabi_subd                
0     000046b4  pru_virtqueue_kick           
0     000046dc  __pruabi_mpyi                
0     00004720  __pruabi_negd                
0     00004758  abort                        
0     00004760  C$$EXIT                      
1     00000000  _ctypes_                     
1     00000104  _stack                       
1     00000204  __TI_STACK_END               
1     00000204  resource_table               
1     00000280  status                       
1     00000284  last_p8_15                   
1     00000285  last_p8_21                   
1     000002c4  pru_intc_map                 
1     00000305  errno                        
2     00020000  CT_INTC                      
2     00026000  CT_CFG                       
abs   00000000  __PRU_CREG_BASE_PRU_DMEM_0_1 
abs   00000000  __PRU_CREG_PRU_INTC          
abs   00000001  __PRU_CREG_DMTIMER2          
abs   00000002  __PRU_CREG_I2C1              
abs   00000003  __PRU_CREG_PRU_ECAP          
abs   00000004  __PRU_CREG_PRU_CFG           
abs   00000005  __PRU_CREG_MMCHS0            
abs   00000006  __PRU_CREG_MCSPI0            
abs   00000007  __PRU_CREG_PRU_UART          
abs   00000008  __PRU_CREG_MCASP0_DMA        
abs   00000009  __PRU_CREG_GEMAC             
abs   0000000a  __PRU_CREG_RSVD10            
abs   0000000b  __PRU_CREG_UART1             
abs   0000000c  __PRU_CREG_UART2             
abs   0000000d  __PRU_CREG_RSVD13            
abs   0000000e  __PRU_CREG_DCAN0             
abs   0000000f  __PRU_CREG_DCAN1             
abs   00000010  __PRU_CREG_MCSPI1            
abs   00000011  __PRU_CREG_I2C2              
abs   00000012  __PRU_CREG_PWMSS0            
abs   00000013  __PRU_CREG_PWMSS1            
abs   00000014  __PRU_CREG_PWMSS2            
abs   00000015  __PRU_CREG_RSVD21            
abs   00000016  __PRU_CREG_MBX0              
abs   00000017  __PRU_CREG_SPINLOCK          
abs   00000018  __PRU_CREG_PRU_DMEM_0_1      
abs   00000019  __PRU_CREG_PRU_DMEM_1_0      
abs   0000001a  __PRU_CREG_PRU_IEP           
abs   0000001b  __PRU_CREG_RSVD27            
abs   0000001c  __PRU_CREG_PRU_SHAREDMEM     
abs   0000001d  __PRU_CREG_TPCC              
abs   0000001e  __PRU_CREG_L3OCMC            
abs   0000001f  __PRU_CREG_DDR               
abs   00000100  __TI_STACK_SIZE              
abs   00002000  __PRU_CREG_BASE_PRU_DMEM_1_0 
abs   00010000  __PRU_CREG_BASE_PRU_SHAREDMEM
abs   00020000  __PRU_CREG_BASE_PRU_INTC     
abs   00026000  __PRU_CREG_BASE_PRU_CFG      
abs   00028000  __PRU_CREG_BASE_PRU_UART     
abs   0002e000  __PRU_CREG_BASE_PRU_IEP      
abs   00030000  __PRU_CREG_BASE_PRU_ECAP     
abs   00032000  __PRU_CREG_BASE_RSVD27       
abs   00032400  __PRU_CREG_BASE_RSVD21       
abs   40000000  __PRU_CREG_BASE_L3OCMC       
abs   46000000  __PRU_CREG_BASE_MCASP0_DMA   
abs   48022000  __PRU_CREG_BASE_UART1        
abs   48024000  __PRU_CREG_BASE_UART2        
abs   4802a000  __PRU_CREG_BASE_I2C1         
abs   48030000  __PRU_CREG_BASE_MCSPI0       
abs   48040000  __PRU_CREG_BASE_DMTIMER2     
abs   48060000  __PRU_CREG_BASE_MMCHS0       
abs   480c8000  __PRU_CREG_BASE_MBX0         
abs   480ca000  __PRU_CREG_BASE_SPINLOCK     
abs   4819c000  __PRU_CREG_BASE_I2C2         
abs   481a0000  __PRU_CREG_BASE_MCSPI1       
abs   481cc000  __PRU_CREG_BASE_DCAN0        
abs   481d0000  __PRU_CREG_BASE_DCAN1        
abs   48300000  __PRU_CREG_BASE_PWMSS0       
abs   48302000  __PRU_CREG_BASE_PWMSS1       
abs   48304000  __PRU_CREG_BASE_PWMSS2       
abs   48310000  __PRU_CREG_BASE_RSVD13       
abs   48318000  __PRU_CREG_BASE_RSVD10       
abs   49000000  __PRU_CREG_BASE_TPCC         
abs   4a100000  __PRU_CREG_BASE_GEMAC        
abs   80000000  __PRU_CREG_BASE_DDR          
abs   ffffffff  __binit__                    
abs   ffffffff  __c_args__                   
abs   ffffffff  binit                        

[127 symbols]
